<html>
<head>
  <meta charset="UTF-8">
  <title>A greeting</title>
</head>
<body>
  <h1>Hallo, Welt!</h1>
</body>
</html>
