<html>
<head>
  <meta charset="UTF-8">
  <title>A greeting</title>
</head>
<body>
  <h1>Hello &amp; welcome, world :&gt;!</h1>
</body>
</html>
