<html>
<head>
  <meta charset="UTF-8">
  <title>A partial</title>
</head>
<body>
  <h1>Hello mustache with glob patterns!</h1>
Hello glob pattern!
  You can use any file extension :)

</body>
</html>
