<html>
<head>
  <meta charset="UTF-8">
  <title>A prefixed partial</title>
</head>
<body>
  <h1>Hello, world!</h1>
</body>
</html>
