Hello, I'm from a partial function with name: head
<body>
  <h1>Hello, world!</h1>
</body>
</html>
