<html>
<head>
  <meta charset="UTF-8">
  <title>A greeting</title>
</head>
<body>
  <h1>*HELLO*, *WORLD*!</h1>
</body>
</html>
