<html>
<head>
  <meta charset="UTF-8">
  <title>A greeting</title>
</head>
<body>
  <h1><em>Hello</em>, <strong>world</strong>!</h1>
</body>
</html>
